miles: /hai-workspace/glm52-delta-ci-torch211/ci-torch211-repro/miles/miles/__init__.py
miles_plugins: /hai-workspace/glm52-delta-ci-torch211/ci-torch211-repro/miles/miles_plugins/__init__.py
sglang: /hai-workspace/glm52-delta-ci-torch211/ci-torch211-repro/sglang/python/sglang/__init__.py
megatron.core: /hai-workspace/glm52-delta-ci-torch211/ci-torch211-repro/Megatron-LM/megatron/core/__init__.py
megatron.training: /hai-workspace/glm52-delta-ci-torch211/ci-torch211-repro/Megatron-LM/megatron/training/__init__.py
  % Total    % Received % Xferd  Average Speed   Time    Time     Time  Current
                                 Dload  Upload   Total   Spent    Left  Speed
  0     0    0     0    0     0      0      0 --:--:-- --:--:-- --:--:--     0  0     0    0     0    0     0      0      0 --:--:-- --:--:-- --:--:--     0100 18.8M  100 18.8M    0     0  55.7M      0 --:--:-- --:--:-- --:--:-- 55.7M
version.BuildInfo{Version:"v4.2.3", GitCommit:"43e8b7feece8beb0fcba47059ec9b522fd929a64", GitTreeState:"clean", GoVersion:"go1.26.5", KubeClientVersion:"v1.36"}
{
  "python": "3.11.16 (main, Sep  1 2026, 14:18:37) [Clang 22.1.3 ]",
  "platform": "Linux-6.8.0-137-generic-x86_64-with-glibc2.39",
  "torch": "2.11.0+cu130",
  "torch_git": "70d99e998b4955e0049d13a98d77ae1b14db1f45",
  "numpy": "2.4.6",
  "cuda_available": false,
  "cpu_capability": "AVX512",
  "intra_threads": 128,
  "inter_threads": 128,
  "affinity": [
    0,
    1,
    14,
    15,
    16,
    17,
    18,
    19,
    20,
    21,
    22,
    23,
    24,
    25,
    26,
    27,
    28,
    29,
    30,
    31,
    32,
    33,
    34,
    35,
    36,
    37,
    38,
    39,
    40,
    41,
    42,
    43,
    44,
    45,
    46,
    47,
    48,
    49,
    50,
    51,
    52,
    53,
    54,
    55,
    56,
    57,
    58,
    59,
    60,
    61,
    62,
    63,
    64,
    65,
    66,
    67,
    68,
    69,
    70,
    71,
    72,
    73,
    74,
    75,
    76,
    77,
    78,
    79,
    80,
    81,
    82,
    83,
    84,
    85,
    86,
    87,
    88,
    89,
    90,
    91,
    92,
    93,
    94,
    95,
    96,
    97,
    98,
    99,
    100,
    101,
    102,
    103,
    104,
    105,
    106,
    107,
    108,
    109,
    110,
    111,
    112,
    113,
    114,
    115,
    116,
    117,
    118,
    119,
    120,
    121,
    122,
    123,
    124,
    125,
    126,
    127,
    128,
    129,
    142,
    143,
    144,
    145,
    146,
    147,
    148,
    149,
    150,
    151,
    152,
    153,
    154,
    155,
    156,
    157,
    158,
    159,
    160,
    161,
    162,
    163,
    164,
    165,
    166,
    167,
    168,
    169,
    170,
    171,
    172,
    173,
    174,
    175,
    176,
    177,
    178,
    179,
    180,
    181,
    182,
    183,
    184,
    185,
    186,
    187,
    188,
    189,
    190,
    191,
    192,
    193,
    194,
    195,
    196,
    197,
    198,
    199,
    200,
    201,
    202,
    203,
    204,
    205,
    206,
    207,
    208,
    209,
    210,
    211,
    212,
    213,
    214,
    215,
    216,
    217,
    218,
    219,
    220,
    221,
    222,
    223,
    224,
    225,
    226,
    227,
    228,
    229,
    230,
    231,
    232,
    233,
    234,
    235,
    236,
    237,
    238,
    239,
    240,
    241,
    242,
    243,
    244,
    245,
    246,
    247,
    248,
    249,
    250,
    251,
    252,
    253,
    254,
    255
  ],
  "omp_num_threads": null
}
Setup complete. Run: venv/bin/python run_reproduction.py from the ci-torch211-repro directory.
