call-gate / pr-gate	UNKNOWN STEP	﻿2026-09-25T21:36:12.9944471Z Current runner version: '2.337.0'
call-gate / pr-gate	UNKNOWN STEP	2026-09-25T21:36:12.9967845Z ##[group]Runner Image Provisioner
call-gate / pr-gate	UNKNOWN STEP	2026-09-25T21:36:12.9968820Z Hosted Compute Agent
call-gate / pr-gate	UNKNOWN STEP	2026-09-25T21:36:12.9969423Z Version: 20260828.587
call-gate / pr-gate	UNKNOWN STEP	2026-09-25T21:36:12.9970094Z Commit: abac92662cab4cc7352de4f9f9d2e2419aad9c29
call-gate / pr-gate	UNKNOWN STEP	2026-09-25T21:36:12.9970911Z Build Date: 2026-08-28T16:44:25Z
call-gate / pr-gate	UNKNOWN STEP	2026-09-25T21:36:12.9971938Z Worker ID: {a1807fe5-f99b-49a0-b4d3-d7cecbda0b4d}
call-gate / pr-gate	UNKNOWN STEP	2026-09-25T21:36:12.9972797Z Azure Region: northcentralus
call-gate / pr-gate	UNKNOWN STEP	2026-09-25T21:36:12.9973416Z ##[endgroup]
call-gate / pr-gate	UNKNOWN STEP	2026-09-25T21:36:12.9975014Z ##[group]Operating System
call-gate / pr-gate	UNKNOWN STEP	2026-09-25T21:36:12.9975692Z Ubuntu
call-gate / pr-gate	UNKNOWN STEP	2026-09-25T21:36:12.9976288Z 24.04.5
call-gate / pr-gate	UNKNOWN STEP	2026-09-25T21:36:12.9976888Z LTS
call-gate / pr-gate	UNKNOWN STEP	2026-09-25T21:36:12.9977405Z ##[endgroup]
call-gate / pr-gate	UNKNOWN STEP	2026-09-25T21:36:12.9977958Z ##[group]Runner Image
call-gate / pr-gate	UNKNOWN STEP	2026-09-25T21:36:12.9978654Z Image: ubuntu-24.04
call-gate / pr-gate	UNKNOWN STEP	2026-09-25T21:36:12.9979216Z Version: 20260920.314.1
call-gate / pr-gate	UNKNOWN STEP	2026-09-25T21:36:12.9980544Z Included Software: https://github.com/actions/runner-images/blob/ubuntu24/20260920.314/images/ubuntu/Ubuntu2404-Readme.md
call-gate / pr-gate	UNKNOWN STEP	2026-09-25T21:36:12.9982275Z Image Release: https://github.com/actions/runner-images/releases/tag/ubuntu24%2F20260920.314
call-gate / pr-gate	UNKNOWN STEP	2026-09-25T21:36:12.9983365Z ##[endgroup]
call-gate / pr-gate	UNKNOWN STEP	2026-09-25T21:36:12.9984720Z ##[group]GITHUB_TOKEN Permissions
call-gate / pr-gate	UNKNOWN STEP	2026-09-25T21:36:12.9986951Z Actions: read
call-gate / pr-gate	UNKNOWN STEP	2026-09-25T21:36:12.9987566Z Contents: read
call-gate / pr-gate	UNKNOWN STEP	2026-09-25T21:36:12.9988209Z Issues: read
call-gate / pr-gate	UNKNOWN STEP	2026-09-25T21:36:12.9988757Z Metadata: read
call-gate / pr-gate	UNKNOWN STEP	2026-09-25T21:36:12.9989346Z PullRequests: read
call-gate / pr-gate	UNKNOWN STEP	2026-09-25T21:36:12.9990027Z ##[endgroup]
call-gate / pr-gate	UNKNOWN STEP	2026-09-25T21:36:12.9992295Z Secret source: None
call-gate / pr-gate	UNKNOWN STEP	2026-09-25T21:36:12.9993322Z Cache mode: write
call-gate / pr-gate	UNKNOWN STEP	2026-09-25T21:36:12.9994073Z Prepare workflow directory
call-gate / pr-gate	UNKNOWN STEP	2026-09-25T21:36:13.0335768Z Prepare all required actions
call-gate / pr-gate	UNKNOWN STEP	2026-09-25T21:36:13.0383614Z Getting action download info
call-gate / pr-gate	UNKNOWN STEP	2026-09-25T21:36:13.2982999Z Download action repository 'actions/github-script@v8' (SHA:ed597411d8f924073f98dfc5c65a23a2325f34cd)
call-gate / pr-gate	UNKNOWN STEP	2026-09-25T21:36:13.6802984Z Uses: sgl-project/sglang/.github/workflows/pr-gate.yml@refs/pull/41274/merge (5d88623c8d3292270dd1b1005a348544033604ef)
call-gate / pr-gate	UNKNOWN STEP	2026-09-25T21:36:13.6807771Z ##[group] Inputs
call-gate / pr-gate	UNKNOWN STEP	2026-09-25T21:36:13.6808666Z   require-run-ci: true
call-gate / pr-gate	UNKNOWN STEP	2026-09-25T21:36:13.6809213Z   require-run-ci-extra: false
call-gate / pr-gate	UNKNOWN STEP	2026-09-25T21:36:13.6810773Z   cool-down-minutes: 120
call-gate / pr-gate	UNKNOWN STEP	2026-09-25T21:36:13.6811566Z ##[endgroup]
call-gate / pr-gate	UNKNOWN STEP	2026-09-25T21:36:13.6812059Z Complete job name: call-gate / pr-gate
call-gate / pr-gate	UNKNOWN STEP	2026-09-25T21:36:13.7553218Z ##[group]Run actions/github-script@v8
call-gate / pr-gate	UNKNOWN STEP	2026-09-25T21:36:13.7554126Z with:
call-gate / pr-gate	UNKNOWN STEP	2026-09-25T21:36:13.7557851Z   github-token: ***
call-gate / pr-gate	UNKNOWN STEP	2026-09-25T21:36:13.7559723Z   script: const pr = await github.rest.pulls.get({
call-gate / pr-gate	UNKNOWN STEP	  owner: context.repo.owner,
call-gate / pr-gate	UNKNOWN STEP	  repo: context.repo.repo,
call-gate / pr-gate	UNKNOWN STEP	  pull_number: context.issue.number
call-gate / pr-gate	UNKNOWN STEP	});
call-gate / pr-gate	UNKNOWN STEP	core.setOutput("labels", JSON.stringify(pr.data.labels.map(l => l.name)));
call-gate / pr-gate	UNKNOWN STEP	core.setOutput("draft", pr.data.draft);
call-gate / pr-gate	UNKNOWN STEP	core.setOutput("user", pr.data.user.login);
call-gate / pr-gate	UNKNOWN STEP	
call-gate / pr-gate	UNKNOWN STEP	2026-09-25T21:36:13.7561862Z   debug: false
call-gate / pr-gate	UNKNOWN STEP	2026-09-25T21:36:13.7562329Z   user-agent: actions/github-script
call-gate / pr-gate	UNKNOWN STEP	2026-09-25T21:36:13.7562882Z   result-encoding: json
call-gate / pr-gate	UNKNOWN STEP	2026-09-25T21:36:13.7563350Z   retries: 0
call-gate / pr-gate	UNKNOWN STEP	2026-09-25T21:36:13.7563855Z   retry-exempt-status-codes: 400,401,403,404,422
call-gate / pr-gate	UNKNOWN STEP	2026-09-25T21:36:13.7564715Z ##[endgroup]
call-gate / pr-gate	UNKNOWN STEP	2026-09-25T21:36:14.4805849Z ##[group]Run echo "===== PR Info ====="
call-gate / pr-gate	UNKNOWN STEP	2026-09-25T21:36:14.4807509Z ^[[36;1mecho "===== PR Info ====="^[[0m
call-gate / pr-gate	UNKNOWN STEP	2026-09-25T21:36:14.4809020Z ^[[36;1mecho "PR Event: pull_request"^[[0m
call-gate / pr-gate	UNKNOWN STEP	2026-09-25T21:36:14.4810542Z ^[[36;1mecho "PR Labels: []"^[[0m
call-gate / pr-gate	UNKNOWN STEP	2026-09-25T21:36:14.4812061Z ^[[36;1mecho "PR Draft: true"^[[0m
call-gate / pr-gate	UNKNOWN STEP	2026-09-25T21:36:14.4813384Z ^[[36;1mecho "PR User: zianglih"^[[0m
call-gate / pr-gate	UNKNOWN STEP	2026-09-25T21:36:14.4814748Z ^[[36;1mecho "Require run-ci: true"^[[0m
call-gate / pr-gate	UNKNOWN STEP	2026-09-25T21:36:14.4816198Z ^[[36;1mecho "Require run-ci-extra: false"^[[0m
call-gate / pr-gate	UNKNOWN STEP	2026-09-25T21:36:14.4817678Z ^[[36;1mecho "Cool down minutes: 120"^[[0m
call-gate / pr-gate	UNKNOWN STEP	2026-09-25T21:36:14.4819038Z ^[[36;1mecho "==================="^[[0m
call-gate / pr-gate	UNKNOWN STEP	2026-09-25T21:36:14.5073174Z shell: /usr/bin/bash -e {0}
call-gate / pr-gate	UNKNOWN STEP	2026-09-25T21:36:14.5074426Z ##[endgroup]
call-gate / pr-gate	UNKNOWN STEP	2026-09-25T21:36:14.5202932Z ===== PR Info =====
call-gate / pr-gate	UNKNOWN STEP	2026-09-25T21:36:14.5204141Z PR Event: pull_request
call-gate / pr-gate	UNKNOWN STEP	2026-09-25T21:36:14.5205276Z PR Labels: []
call-gate / pr-gate	UNKNOWN STEP	2026-09-25T21:36:14.5206557Z PR Draft: true
call-gate / pr-gate	UNKNOWN STEP	2026-09-25T21:36:14.5207569Z PR User: zianglih
call-gate / pr-gate	UNKNOWN STEP	2026-09-25T21:36:14.5208673Z Require run-ci: true
call-gate / pr-gate	UNKNOWN STEP	2026-09-25T21:36:14.5209762Z Require run-ci-extra: false
call-gate / pr-gate	UNKNOWN STEP	2026-09-25T21:36:14.5210950Z Cool down minutes: 120
call-gate / pr-gate	UNKNOWN STEP	2026-09-25T21:36:14.5212217Z ===================
call-gate / pr-gate	UNKNOWN STEP	2026-09-25T21:36:14.5317300Z ##[group]Run echo "PR is draft. Blocking CI."
call-gate / pr-gate	UNKNOWN STEP	2026-09-25T21:36:14.5318815Z ^[[36;1mecho "PR is draft. Blocking CI."^[[0m
call-gate / pr-gate	UNKNOWN STEP	2026-09-25T21:36:14.5320095Z ^[[36;1mexit 1^[[0m
call-gate / pr-gate	UNKNOWN STEP	2026-09-25T21:36:14.5378075Z shell: /usr/bin/bash -e {0}
call-gate / pr-gate	UNKNOWN STEP	2026-09-25T21:36:14.5379201Z ##[endgroup]
call-gate / pr-gate	UNKNOWN STEP	2026-09-25T21:36:14.5466567Z PR is draft. Blocking CI.
call-gate / pr-gate	UNKNOWN STEP	2026-09-25T21:36:14.5479437Z ##[error]Process completed with exit code 1.
call-gate / pr-gate	UNKNOWN STEP	2026-09-25T21:36:14.5649666Z Cleaning up orphan processes
